BLAST hits comparison
(assumes IDENTICAL queries to each BLAST database, IDENTICAL parameters, and max_hits=1, max_hsps=1)
BLAST input 1:	/home/joe/Documents/all_work/programming/repo-git/real-time-phylogenomics/wales_analyses//simulate_10E5_1/blasts/2a_type-miseq_db-thalianaSIM_query-thaliana.out
BLAST input 2:	/home/joe/Documents/all_work/programming/repo-git/real-time-phylogenomics/wales_analyses//simulate_10E5_1/blasts/2b_type-miseq_db-lyrataSIM_query-thaliana.out
Total hits report:
Number of query sequences with hits present in both:	4102265
Stats
	Cumulative length bias (/home/joe/Documents/all_work/programming/repo-git/real-time-phylogenomics/wales_analyses//simulate_10E5_1/blasts/2a_type-miseq_db-thalianaSIM_query-thaliana.out: 1383334596 - /home/joe/Documents/all_work/programming/repo-git/real-time-phylogenomics/wales_analyses//simulate_10E5_1/blasts/2b_type-miseq_db-lyrataSIM_query-thaliana.out: 976348227)	+406986369	1383334596	976348227
	Cumulative identities bias (/home/joe/Documents/all_work/programming/repo-git/real-time-phylogenomics/wales_analyses//simulate_10E5_1/blasts/2a_type-miseq_db-thalianaSIM_query-thaliana.out: 1367230548.48112 - /home/joe/Documents/all_work/programming/repo-git/real-time-phylogenomics/wales_analyses//simulate_10E5_1/blasts/2b_type-miseq_db-lyrataSIM_query-thaliana.out: 908768662.581091)	+458461885.900030	1367230548.48112	908768662.581091
	Cumulative % identities bias (/home/joe/Documents/all_work/programming/repo-git/real-time-phylogenomics/wales_analyses//simulate_10E5_1/blasts/2a_type-miseq_db-thalianaSIM_query-thaliana.out: 526487817.570102 - /home/joe/Documents/all_work/programming/repo-git/real-time-phylogenomics/wales_analyses//simulate_10E5_1/blasts/2b_type-miseq_db-lyrataSIM_query-thaliana.out: 382690133.719818)	+143797683.850285	526487817.570102	382690133.719818
	Cumulative evalues bias (/home/joe/Documents/all_work/programming/repo-git/real-time-phylogenomics/wales_analyses//simulate_10E5_1/blasts/2a_type-miseq_db-thalianaSIM_query-thaliana.out: 0.000664369040993881 - /home/joe/Documents/all_work/programming/repo-git/real-time-phylogenomics/wales_analyses//simulate_10E5_1/blasts/2b_type-miseq_db-lyrataSIM_query-thaliana.out: 0.0280067926461733)	+2.734242e-02	0.000664369040993881	0.0280067926461733
	mean length bias (/home/joe/Documents/all_work/programming/repo-git/real-time-phylogenomics/wales_analyses//simulate_10E5_1/blasts/2a_type-miseq_db-thalianaSIM_query-thaliana.out: 337.212392666003 - /home/joe/Documents/all_work/programming/repo-git/real-time-phylogenomics/wales_analyses//simulate_10E5_1/blasts/2b_type-miseq_db-lyrataSIM_query-thaliana.out: 238.00223218149)	+99.210160	337.212392666003	238.00223218149
	mean identities bias (/home/joe/Documents/all_work/programming/repo-git/real-time-phylogenomics/wales_analyses//simulate_10E5_1/blasts/2a_type-miseq_db-thalianaSIM_query-thaliana.out: 333.286744879017 - /home/joe/Documents/all_work/programming/repo-git/real-time-phylogenomics/wales_analyses//simulate_10E5_1/blasts/2b_type-miseq_db-lyrataSIM_query-thaliana.out: 221.528512317242)	+111.758233	333.286744879017	221.528512317242
	mean % identities bias (/home/joe/Documents/all_work/programming/repo-git/real-time-phylogenomics/wales_analyses//simulate_10E5_1/blasts/2a_type-miseq_db-thalianaSIM_query-thaliana.out: 128.340762376419 - /home/joe/Documents/all_work/programming/repo-git/real-time-phylogenomics/wales_analyses//simulate_10E5_1/blasts/2b_type-miseq_db-lyrataSIM_query-thaliana.out: 93.2875213375581)	+35.053241	128.340762376419	93.2875213375581
	mean evalues bias (/home/joe/Documents/all_work/programming/repo-git/real-time-phylogenomics/wales_analyses//simulate_10E5_1/blasts/2a_type-miseq_db-thalianaSIM_query-thaliana.out: 1.61951761037837e-10 - /home/joe/Documents/all_work/programming/repo-git/real-time-phylogenomics/wales_analyses//simulate_10E5_1/blasts/2b_type-miseq_db-lyrataSIM_query-thaliana.out: 6.82715344966092e-09)	+6.665202e-09	1.61951761037837e-10	6.82715344966092e-09
Unique hits
/home/joe/Documents/all_work/programming/repo-git/real-time-phylogenomics/wales_analyses//simulate_10E5_1/blasts/2a_type-miseq_db-thalianaSIM_query-thaliana.out	1227866
/home/joe/Documents/all_work/programming/repo-git/real-time-phylogenomics/wales_analyses//simulate_10E5_1/blasts/2b_type-miseq_db-lyrataSIM_query-thaliana.out	11869
