BLAST hits comparison
(assumes IDENTICAL queries to each BLAST database, IDENTICAL parameters, and max_hits=1, max_hsps=1)
BLAST input 1:	/home/joe/Documents/all_work/programming/repo-git/real-time-phylogenomics/wales_analyses//simulate_10E5_1/blasts/1a_type-pores_db-thalianaSIM_query-thaliana.out
BLAST input 2:	/home/joe/Documents/all_work/programming/repo-git/real-time-phylogenomics/wales_analyses//simulate_10E5_1/blasts/1b_type-pores_db-lyrataSIM_query-thaliana.out
Total hits report:
Number of query sequences with hits present in both:	21273
Stats
	Cumulative length bias (/home/joe/Documents/all_work/programming/repo-git/real-time-phylogenomics/wales_analyses//simulate_10E5_1/blasts/1a_type-pores_db-thalianaSIM_query-thaliana.out: 55948072 - /home/joe/Documents/all_work/programming/repo-git/real-time-phylogenomics/wales_analyses//simulate_10E5_1/blasts/1b_type-pores_db-lyrataSIM_query-thaliana.out: 25516970)	+30431102	55948072	25516970
	Cumulative identities bias (/home/joe/Documents/all_work/programming/repo-git/real-time-phylogenomics/wales_analyses//simulate_10E5_1/blasts/1a_type-pores_db-thalianaSIM_query-thaliana.out: 46356302.7219996 - /home/joe/Documents/all_work/programming/repo-git/real-time-phylogenomics/wales_analyses//simulate_10E5_1/blasts/1b_type-pores_db-lyrataSIM_query-thaliana.out: 20742751.0891)	+25613551.632900	46356302.7219996	20742751.0891
	Cumulative % identities bias (/home/joe/Documents/all_work/programming/repo-git/real-time-phylogenomics/wales_analyses//simulate_10E5_1/blasts/1a_type-pores_db-thalianaSIM_query-thaliana.out: 2711726.35000001 - /home/joe/Documents/all_work/programming/repo-git/real-time-phylogenomics/wales_analyses//simulate_10E5_1/blasts/1b_type-pores_db-lyrataSIM_query-thaliana.out: 1747190.81000001)	+964535.540000	2711726.35000001	1747190.81000001
	Cumulative evalues bias (/home/joe/Documents/all_work/programming/repo-git/real-time-phylogenomics/wales_analyses//simulate_10E5_1/blasts/1a_type-pores_db-thalianaSIM_query-thaliana.out: 0.00180862340945752 - /home/joe/Documents/all_work/programming/repo-git/real-time-phylogenomics/wales_analyses//simulate_10E5_1/blasts/1b_type-pores_db-lyrataSIM_query-thaliana.out: 0.00574080892775965)	+3.932186e-03	0.00180862340945752	0.00574080892775965
	mean length bias (/home/joe/Documents/all_work/programming/repo-git/real-time-phylogenomics/wales_analyses//simulate_10E5_1/blasts/1a_type-pores_db-thalianaSIM_query-thaliana.out: 2630.00385465144 - /home/joe/Documents/all_work/programming/repo-git/real-time-phylogenomics/wales_analyses//simulate_10E5_1/blasts/1b_type-pores_db-lyrataSIM_query-thaliana.out: 1199.50030555164)	+1430.503549	2630.00385465144	1199.50030555164
	mean identities bias (/home/joe/Documents/all_work/programming/repo-git/real-time-phylogenomics/wales_analyses//simulate_10E5_1/blasts/1a_type-pores_db-thalianaSIM_query-thaliana.out: 2179.11449828419 - /home/joe/Documents/all_work/programming/repo-git/real-time-phylogenomics/wales_analyses//simulate_10E5_1/blasts/1b_type-pores_db-lyrataSIM_query-thaliana.out: 975.074088708691)	+1204.040410	2179.11449828419	975.074088708691
	mean % identities bias (/home/joe/Documents/all_work/programming/repo-git/real-time-phylogenomics/wales_analyses//simulate_10E5_1/blasts/1a_type-pores_db-thalianaSIM_query-thaliana.out: 127.472681333146 - /home/joe/Documents/all_work/programming/repo-git/real-time-phylogenomics/wales_analyses//simulate_10E5_1/blasts/1b_type-pores_db-lyrataSIM_query-thaliana.out: 82.131848352372)	+45.340833	127.472681333146	82.131848352372
	mean evalues bias (/home/joe/Documents/all_work/programming/repo-git/real-time-phylogenomics/wales_analyses//simulate_10E5_1/blasts/1a_type-pores_db-thalianaSIM_query-thaliana.out: 8.50196685684915e-08 - /home/joe/Documents/all_work/programming/repo-git/real-time-phylogenomics/wales_analyses//simulate_10E5_1/blasts/1b_type-pores_db-lyrataSIM_query-thaliana.out: 2.69863626557592e-07)	+1.848440e-07	8.50196685684915e-08	2.69863626557592e-07
Unique hits
/home/joe/Documents/all_work/programming/repo-git/real-time-phylogenomics/wales_analyses//simulate_10E5_1/blasts/1a_type-pores_db-thalianaSIM_query-thaliana.out	11434
/home/joe/Documents/all_work/programming/repo-git/real-time-phylogenomics/wales_analyses//simulate_10E5_1/blasts/1b_type-pores_db-lyrataSIM_query-thaliana.out	110
